// Code generated by GoComply XSD2Go for Moov; DO NOT EDIT.
// Models for https://simple.example.com/
package incl

import (
	"encoding/xml"

	"github.com/moov-io/rtp20022/pkg/rtp"
)

// XSD Elements

type Myelement struct {
	XMLName xml.Name
	Id      ISODateTime                       `xml:"https://simple.example.com/ id"`
	Amtccy  ActiveOrHistoricCurrencyAndAmount `xml:"https://simple.example.com/ amtccy"`
}

// XSD ComplexType declarations

type MyElementType struct {
	Id     rtp.ISODateTime                   `xml:"https://simple.example.com/ id"`
	Amtccy ActiveOrHistoricCurrencyAndAmount `xml:"https://simple.example.com/ amtccy"`
}

type ActiveOrHistoricCurrencyAndAmount struct {
	Value ActiveOrHistoricCurrencyAndAmountSimpleType `xml:",chardata"`
	Ccy   ActiveOrHistoricCurrencyCode                `xml:"Ccy,attr"`
}

// XSD SimpleType declarations

type ActiveOrHistoricCurrencyAndAmountSimpleType rtp.Amount

func (a ActiveOrHistoricCurrencyAndAmountSimpleType) MarshalText() ([]byte, error) {
	return rtp.Amount(a).MarshalText()
}

type ActiveOrHistoricCurrencyCode string
