// Code generated by GoComply XSD2Go for Moov; DO NOT EDIT.
// Models for https://simple.example.com/
package simple_schema

import (
	"encoding/xml"
)

// XSD Elements

type Myelement struct {
	XMLName xml.Name
	Id      int64 `xml:"https://simple.example.com/ id"`
}

// XSD ComplexType declarations

type MyElementType struct {
	Id int64 `xml:"https://simple.example.com/ id"`
}
