// Code generated by GoComply XSD2Go for Moov; DO NOT EDIT.
// Models for http://www.w3.org/2000/09/xmldsig#
package xml_dsig

import (
	"encoding/xml"
)

// XSD Elements

type Signature struct {
	XMLName        xml.Name
	Id             *string            `xml:"Id,attr,omitempty"`
	SignedInfo     SignedInfoType     `xml:"http://www.w3.org/2000/09/xmldsig# SignedInfo"`
	SignatureValue SignatureValueType `xml:"http://www.w3.org/2000/09/xmldsig# SignatureValue"`
	KeyInfo        *KeyInfoType       `xml:"http://www.w3.org/2000/09/xmldsig# KeyInfo,omitempty"`
	Object         []*ObjectType      `xml:"http://www.w3.org/2000/09/xmldsig# Object,omitempty"`
}

type SignatureValue struct {
	XMLName xml.Name
	Value   SignatureValueType `xml:",chardata"`
	Id      *string            `xml:"Id,attr,omitempty"`
}

type SignedInfo struct {
	XMLName                xml.Name
	Id                     *string                    `xml:"Id,attr,omitempty"`
	CanonicalizationMethod CanonicalizationMethodType `xml:"http://www.w3.org/2000/09/xmldsig# CanonicalizationMethod"`
	SignatureMethod        SignatureMethodType        `xml:"http://www.w3.org/2000/09/xmldsig# SignatureMethod"`
	Reference              []ReferenceType            `xml:"http://www.w3.org/2000/09/xmldsig# Reference"`
}

type CanonicalizationMethod struct {
	XMLName   xml.Name
	Algorithm string `xml:"Algorithm,attr"`
}

type SignatureMethod struct {
	XMLName          xml.Name
	Algorithm        string                `xml:"Algorithm,attr"`
	HMACOutputLength *HMACOutputLengthType `xml:"http://www.w3.org/2000/09/xmldsig# HMACOutputLength,omitempty"`
}

type Reference struct {
	XMLName      xml.Name
	Id           *string          `xml:"Id,attr,omitempty"`
	URI          *string          `xml:"URI,attr,omitempty"`
	Type         *string          `xml:"Type,attr,omitempty"`
	Transforms   *TransformsType  `xml:"http://www.w3.org/2000/09/xmldsig# Transforms,omitempty"`
	DigestMethod DigestMethodType `xml:"http://www.w3.org/2000/09/xmldsig# DigestMethod"`
	DigestValue  DigestValueType  `xml:"http://www.w3.org/2000/09/xmldsig# DigestValue"`
}

type Transforms struct {
	XMLName   xml.Name
	Transform []TransformType `xml:"http://www.w3.org/2000/09/xmldsig# Transform"`
}

type Transform struct {
	XMLName   xml.Name
	Algorithm string    `xml:"Algorithm,attr"`
	XPath     []*string `xml:"http://www.w3.org/2000/09/xmldsig# XPath,omitempty"`
}

type DigestMethod struct {
	XMLName   xml.Name
	Algorithm string `xml:"Algorithm,attr"`
}

type DigestValue struct {
	XMLName xml.Name
	Value   DigestValueType `xml:",chardata"`
}

type KeyInfo struct {
	XMLName         xml.Name
	Id              *string                `xml:"Id,attr,omitempty"`
	KeyName         []*string              `xml:"http://www.w3.org/2000/09/xmldsig# KeyName,omitempty"`
	KeyValue        []*KeyValueType        `xml:"http://www.w3.org/2000/09/xmldsig# KeyValue,omitempty"`
	RetrievalMethod []*RetrievalMethodType `xml:"http://www.w3.org/2000/09/xmldsig# RetrievalMethod,omitempty"`
	X509Data        []*X509DataType        `xml:"http://www.w3.org/2000/09/xmldsig# X509Data,omitempty"`
	PGPData         []*PGPDataType         `xml:"http://www.w3.org/2000/09/xmldsig# PGPData,omitempty"`
	SPKIData        []*SPKIDataType        `xml:"http://www.w3.org/2000/09/xmldsig# SPKIData,omitempty"`
	MgmtData        []*string              `xml:"http://www.w3.org/2000/09/xmldsig# MgmtData,omitempty"`
}

type KeyName struct {
	XMLName xml.Name
	Value   string `xml:",chardata"`
}

type MgmtData struct {
	XMLName xml.Name
	Value   string `xml:",chardata"`
}

type KeyValue struct {
	XMLName     xml.Name
	DSAKeyValue *DSAKeyValueType `xml:"http://www.w3.org/2000/09/xmldsig# DSAKeyValue,omitempty"`
	RSAKeyValue *RSAKeyValueType `xml:"http://www.w3.org/2000/09/xmldsig# RSAKeyValue,omitempty"`
}

type RetrievalMethod struct {
	XMLName    xml.Name
	URI        string          `xml:"URI,attr"`
	Type       *string         `xml:"Type,attr,omitempty"`
	Transforms *TransformsType `xml:"http://www.w3.org/2000/09/xmldsig# Transforms,omitempty"`
}

type X509Data struct {
	XMLName          xml.Name
	X509IssuerSerial *X509IssuerSerialType `xml:"http://www.w3.org/2000/09/xmldsig# X509IssuerSerial,omitempty"`
	X509SKI          *string               `xml:"http://www.w3.org/2000/09/xmldsig# X509SKI,omitempty"`
	X509SubjectName  *string               `xml:"http://www.w3.org/2000/09/xmldsig# X509SubjectName,omitempty"`
	X509Certificate  *string               `xml:"http://www.w3.org/2000/09/xmldsig# X509Certificate,omitempty"`
	X509CRL          *string               `xml:"http://www.w3.org/2000/09/xmldsig# X509CRL,omitempty"`
}

type PGPData struct {
	XMLName      xml.Name
	PGPKeyID     *string `xml:"http://www.w3.org/2000/09/xmldsig# PGPKeyID,omitempty"`
	PGPKeyPacket *string `xml:"http://www.w3.org/2000/09/xmldsig# PGPKeyPacket,omitempty"`
}

type SPKIData struct {
	XMLName  xml.Name
	SPKISexp string `xml:"http://www.w3.org/2000/09/xmldsig# SPKISexp"`
}

type Object struct {
	XMLName  xml.Name
	Id       *string `xml:"Id,attr,omitempty"`
	MimeType *string `xml:"MimeType,attr,omitempty"`
	Encoding *string `xml:"Encoding,attr,omitempty"`
}

type Manifest struct {
	XMLName   xml.Name
	Id        *string         `xml:"Id,attr,omitempty"`
	Reference []ReferenceType `xml:"http://www.w3.org/2000/09/xmldsig# Reference"`
}

type SignatureProperties struct {
	XMLName           xml.Name
	Id                *string                 `xml:"Id,attr,omitempty"`
	SignatureProperty []SignaturePropertyType `xml:"http://www.w3.org/2000/09/xmldsig# SignatureProperty"`
}

type SignatureProperty struct {
	XMLName xml.Name
	Target  string  `xml:"Target,attr"`
	Id      *string `xml:"Id,attr,omitempty"`
}

type DSAKeyValue struct {
	XMLName xml.Name
	G       *CryptoBinary `xml:"http://www.w3.org/2000/09/xmldsig# G,omitempty"`
	Y       CryptoBinary  `xml:"http://www.w3.org/2000/09/xmldsig# Y"`
	J       *CryptoBinary `xml:"http://www.w3.org/2000/09/xmldsig# J,omitempty"`
}

type RSAKeyValue struct {
	XMLName  xml.Name
	Modulus  CryptoBinary `xml:"http://www.w3.org/2000/09/xmldsig# Modulus"`
	Exponent CryptoBinary `xml:"http://www.w3.org/2000/09/xmldsig# Exponent"`
}

// XSD ComplexType declarations

type SignatureType struct {
	Id             *string            `xml:"Id,attr,omitempty"`
	SignedInfo     SignedInfoType     `xml:"http://www.w3.org/2000/09/xmldsig# SignedInfo"`
	SignatureValue SignatureValueType `xml:"http://www.w3.org/2000/09/xmldsig# SignatureValue"`
	KeyInfo        *KeyInfoType       `xml:"http://www.w3.org/2000/09/xmldsig# KeyInfo,omitempty"`
	Object         []*ObjectType      `xml:"http://www.w3.org/2000/09/xmldsig# Object,omitempty"`
}

type SignatureValueType struct {
	Value string  `xml:",chardata"`
	Id    *string `xml:"Id,attr,omitempty"`
}

type SignedInfoType struct {
	Id                     *string                    `xml:"Id,attr,omitempty"`
	CanonicalizationMethod CanonicalizationMethodType `xml:"http://www.w3.org/2000/09/xmldsig# CanonicalizationMethod"`
	SignatureMethod        SignatureMethodType        `xml:"http://www.w3.org/2000/09/xmldsig# SignatureMethod"`
	Reference              []ReferenceType            `xml:"http://www.w3.org/2000/09/xmldsig# Reference"`
}

type CanonicalizationMethodType struct {
	Algorithm string  `xml:"Algorithm,attr"`
	Item      *string `xml:",any,omitempty"`
}

type SignatureMethodType struct {
	Algorithm        string                `xml:"Algorithm,attr"`
	HMACOutputLength *HMACOutputLengthType `xml:"http://www.w3.org/2000/09/xmldsig# HMACOutputLength,omitempty"`
	Item             *string               `xml:",any,omitempty"`
}

type ReferenceType struct {
	Id           *string          `xml:"Id,attr,omitempty"`
	URI          *string          `xml:"URI,attr,omitempty"`
	Type         *string          `xml:"Type,attr,omitempty"`
	Transforms   *TransformsType  `xml:"http://www.w3.org/2000/09/xmldsig# Transforms,omitempty"`
	DigestMethod DigestMethodType `xml:"http://www.w3.org/2000/09/xmldsig# DigestMethod"`
	DigestValue  DigestValueType  `xml:"http://www.w3.org/2000/09/xmldsig# DigestValue"`
}

type TransformsType struct {
	Transform []TransformType `xml:"http://www.w3.org/2000/09/xmldsig# Transform"`
}

type TransformType struct {
	Algorithm string    `xml:"Algorithm,attr"`
	XPath     []*string `xml:"http://www.w3.org/2000/09/xmldsig# XPath,omitempty"`
}

type DigestMethodType struct {
	Algorithm string  `xml:"Algorithm,attr"`
	Item      *string `xml:",any,omitempty"`
}

type KeyInfoType struct {
	Id              *string                `xml:"Id,attr,omitempty"`
	KeyName         []*string              `xml:"http://www.w3.org/2000/09/xmldsig# KeyName,omitempty"`
	KeyValue        []*KeyValueType        `xml:"http://www.w3.org/2000/09/xmldsig# KeyValue,omitempty"`
	RetrievalMethod []*RetrievalMethodType `xml:"http://www.w3.org/2000/09/xmldsig# RetrievalMethod,omitempty"`
	X509Data        []*X509DataType        `xml:"http://www.w3.org/2000/09/xmldsig# X509Data,omitempty"`
	PGPData         []*PGPDataType         `xml:"http://www.w3.org/2000/09/xmldsig# PGPData,omitempty"`
	SPKIData        []*SPKIDataType        `xml:"http://www.w3.org/2000/09/xmldsig# SPKIData,omitempty"`
	MgmtData        []*string              `xml:"http://www.w3.org/2000/09/xmldsig# MgmtData,omitempty"`
}

type KeyValueType struct {
	DSAKeyValue *DSAKeyValueType `xml:"http://www.w3.org/2000/09/xmldsig# DSAKeyValue,omitempty"`
	RSAKeyValue *RSAKeyValueType `xml:"http://www.w3.org/2000/09/xmldsig# RSAKeyValue,omitempty"`
}

type RetrievalMethodType struct {
	URI        string          `xml:"URI,attr"`
	Type       *string         `xml:"Type,attr,omitempty"`
	Transforms *TransformsType `xml:"http://www.w3.org/2000/09/xmldsig# Transforms,omitempty"`
}

type X509DataType struct {
	X509IssuerSerial *X509IssuerSerialType `xml:"http://www.w3.org/2000/09/xmldsig# X509IssuerSerial,omitempty"`
	X509SKI          *string               `xml:"http://www.w3.org/2000/09/xmldsig# X509SKI,omitempty"`
	X509SubjectName  *string               `xml:"http://www.w3.org/2000/09/xmldsig# X509SubjectName,omitempty"`
	X509Certificate  *string               `xml:"http://www.w3.org/2000/09/xmldsig# X509Certificate,omitempty"`
	X509CRL          *string               `xml:"http://www.w3.org/2000/09/xmldsig# X509CRL,omitempty"`
}

type X509IssuerSerialType struct {
	X509IssuerName   string `xml:"http://www.w3.org/2000/09/xmldsig# X509IssuerName"`
	X509SerialNumber int64  `xml:"http://www.w3.org/2000/09/xmldsig# X509SerialNumber"`
}

type PGPDataType struct {
	PGPKeyID     *string `xml:"http://www.w3.org/2000/09/xmldsig# PGPKeyID,omitempty"`
	PGPKeyPacket *string `xml:"http://www.w3.org/2000/09/xmldsig# PGPKeyPacket,omitempty"`
}

type SPKIDataType struct {
	SPKISexp string  `xml:"http://www.w3.org/2000/09/xmldsig# SPKISexp"`
	Item     *string `xml:",any,omitempty"`
}

type ObjectType struct {
	Id       *string `xml:"Id,attr,omitempty"`
	MimeType *string `xml:"MimeType,attr,omitempty"`
	Encoding *string `xml:"Encoding,attr,omitempty"`
	Item     string  `xml:",any"`
}

type ManifestType struct {
	Id        *string         `xml:"Id,attr,omitempty"`
	Reference []ReferenceType `xml:"http://www.w3.org/2000/09/xmldsig# Reference"`
}

type SignaturePropertiesType struct {
	Id                *string                 `xml:"Id,attr,omitempty"`
	SignatureProperty []SignaturePropertyType `xml:"http://www.w3.org/2000/09/xmldsig# SignatureProperty"`
}

type SignaturePropertyType struct {
	Target string  `xml:"Target,attr"`
	Id     *string `xml:"Id,attr,omitempty"`
}

type DSAKeyValueType struct {
	G *CryptoBinary `xml:"http://www.w3.org/2000/09/xmldsig# G,omitempty"`
	Y CryptoBinary  `xml:"http://www.w3.org/2000/09/xmldsig# Y"`
	J *CryptoBinary `xml:"http://www.w3.org/2000/09/xmldsig# J,omitempty"`
}

type RSAKeyValueType struct {
	Modulus  CryptoBinary `xml:"http://www.w3.org/2000/09/xmldsig# Modulus"`
	Exponent CryptoBinary `xml:"http://www.w3.org/2000/09/xmldsig# Exponent"`
}

// XSD SimpleType declarations

type CryptoBinary string

type DigestValueType string

type HMACOutputLengthType int64
