// Code generated by GoComply XSD2Go for Moov; DO NOT EDIT.
// Models for http://cpe.mitre.org/naming/2.0
package cpe_naming_2_3

// XSD SimpleType declarations

type Cpe22Type string

type Cpe23Type string
